
*** ChampSim Multicore Out-of-Order Simulator ***

Warmup Instructions: 25000000
Simulation Instructions: 25000000
Number of CPUs: 1
LLC sets: 2048
LLC ways: 16
Off-chip DRAM Size: 4096 MB Channels: 1 Width: 64-bit Data Rate: 6400 MT/s
CPU 0 runs /traces/Trace1-003.gz
.gz
BTB has LRU replacement policy
ITLB has LRU replacement policy
DTLB has LRU replacement policy
STLB has LRU replacement policy
L1I has LRU replacement policy
L1D has LRU replacement policy
L2C has LRU replacement policy
LLC has LRU replacement policy
Heartbeat CPU 0 instructions: 10000002 cycles: 2953988 heartbeat IPC: 3.38525 cumulative IPC: 3.38525 (Simulation time: 0 hr 0 min 13 sec) 
Heartbeat CPU 0 instructions: 20000001 cycles: 5915650 heartbeat IPC: 3.37648 cumulative IPC: 3.38086 (Simulation time: 0 hr 0 min 27 sec) 

Warmup complete CPU 0 instructions: 25000004 cycles: 7350048 (Simulation time: 0 hr 0 min 33 sec) 

Heartbeat CPU 0 instructions: 30000003 cycles: 31271271 heartbeat IPC: 0.39439 cumulative IPC: 0.209019 (Simulation time: 0 hr 0 min 44 sec) 
Heartbeat CPU 0 instructions: 40000000 cycles: 71809329 heartbeat IPC: 0.246682 cumulative IPC: 0.232705 (Simulation time: 0 hr 1 min 7 sec) 
Heartbeat CPU 0 instructions: 50000000 cycles: 115013985 heartbeat IPC: 0.231457 cumulative IPC: 0.232204 (Simulation time: 0 hr 1 min 30 sec) 
Finished CPU 0 instructions: 25000000 cycles: 107663941 cumulative IPC: 0.232204 (Simulation time: 0 hr 1 min 30 sec) 

ChampSim completed all CPUs

Region of Interest Statistics

CPU 0 cumulative IPC: 0.232204 instructions: 25000000 cycles: 107663941
ITLB TOTAL     ACCESS:    3638565  HIT:    3617156  MISS:      21409  HIT %:    99.4116  MISS %:   0.588391   MPKI: 0.85636
ITLB LOAD TRANSLATION ACCESS:    3638565  HIT:    3617156  MISS:      21409  HIT %:    99.4116  MISS %:   0.588391   MPKI: 0.85636
ITLB PREFETCH  REQUESTED:          0  ISSUED:          0  USEFUL:          0  USELESS:          0
ITLB USEFUL LOAD PREFETCHES:          0 PREFETCH ISSUED TO LOWER LEVEL:          0  ACCURACY: -nan
ITLB TIMELY PREFETCHES:          0 LATE PREFETCHES: 0 DROPPED PREFETCHES: 0
ITLB PREFETCHES SAME FILL-ORIGIN LEVEL: 0 DIFFERENT FILL-ORIGIN LEVEL: 0
ITLB AVERAGE MISS LATENCY: 42.8263 cycles
ITLB RQ	ACCESS:    4549663	FORWARD:          0	MERGED:     907960	TO_CACHE:    3641703

DTLB TOTAL     ACCESS:    5919024  HIT:    5726060  MISS:     192964  HIT %:    96.7399  MISS %:    3.26006   MPKI: 7.71856
DTLB LOAD TRANSLATION ACCESS:    5919024  HIT:    5726060  MISS:     192964  HIT %:    96.7399  MISS %:    3.26006   MPKI: 7.71856
DTLB PREFETCH  REQUESTED:          0  ISSUED:          0  USEFUL:          0  USELESS:          0
DTLB USEFUL LOAD PREFETCHES:          0 PREFETCH ISSUED TO LOWER LEVEL:          0  ACCURACY: -nan
DTLB TIMELY PREFETCHES:          0 LATE PREFETCHES: 0 DROPPED PREFETCHES: 0
DTLB PREFETCHES SAME FILL-ORIGIN LEVEL: 0 DIFFERENT FILL-ORIGIN LEVEL: 0
DTLB AVERAGE MISS LATENCY: 79.045 cycles
DTLB RQ	ACCESS:    7323374	FORWARD:          0	MERGED:    1367110	TO_CACHE:    5956264

STLB TOTAL     ACCESS:     214373  HIT:     142994  MISS:      71379  HIT %:    66.7034  MISS %:    33.2966   MPKI: 2.85516
STLB LOAD TRANSLATION ACCESS:     214373  HIT:     142994  MISS:      71379  HIT %:    66.7034  MISS %:    33.2966   MPKI: 2.85516
STLB PREFETCH  REQUESTED:          0  ISSUED:          0  USEFUL:          0  USELESS:          0
STLB USEFUL LOAD PREFETCHES:          0 PREFETCH ISSUED TO LOWER LEVEL:          0  ACCURACY: -nan
STLB TIMELY PREFETCHES:          0 LATE PREFETCHES: 0 DROPPED PREFETCHES: 0
STLB PREFETCHES SAME FILL-ORIGIN LEVEL: 0 DIFFERENT FILL-ORIGIN LEVEL: 0
STLB AVERAGE MISS LATENCY: 199.091 cycles
STLB RQ	ACCESS:     214373	FORWARD:          0	MERGED:          0	TO_CACHE:     214373

STLB Hit, L1D data hit: 0
STLB Hit, L2C data hit: 0
STLB Hit, LLC data hit: 0
STLB Hit, LLC data miss: 0
STLB STLB hints to L2: 0
L1D TOTAL     ACCESS:    7037845  HIT:    6658460  MISS:     379385  HIT %:    94.6094  MISS %:    5.39064   MPKI: 15.1754
L1D LOAD      ACCESS:    4276797  HIT:    4009829  MISS:     266968  HIT %:    93.7578  MISS %:    6.24224   MPKI: 10.6787
L1D RFO       ACCESS:    2761048  HIT:    2648631  MISS:     112417  HIT %:    95.9285  MISS %:    4.07153   MPKI: 4.49668
L1D PREFETCH  REQUESTED:          0  ISSUED:          0  USEFUL:          0  USELESS:          0
L1D USEFUL LOAD PREFETCHES:          0 PREFETCH ISSUED TO LOWER LEVEL:          0  ACCURACY: -nan
L1D TIMELY PREFETCHES:          0 LATE PREFETCHES: 0 DROPPED PREFETCHES: 0
L1D PREFETCHES SAME FILL-ORIGIN LEVEL: 0 DIFFERENT FILL-ORIGIN LEVEL: 0
L1D AVERAGE MISS LATENCY: 125.189 cycles
L1D RQ	ACCESS:    5844321	FORWARD:          0	MERGED:    1450150	TO_CACHE:    4317202
L1D WQ	ACCESS:    3047623	FORWARD:      76969	MERGED:      41451	TO_CACHE:    3006172

L1D UNIQUE REGIONS ACCESSED: 0
L1D REGIONS CONFLICTS: 0
L1D Cross Page Prefetch Requests: 0
L1D Same Page Prefetch Requests: 0
L1D ROI Sum of L1D PQ occupancy: 0
L1D PREFETCHES PUSHED FROM L2C: 0
L1I TOTAL     ACCESS:    4397121  HIT:    4035011  MISS:     362110  HIT %:    91.7648  MISS %:    8.23516   MPKI: 14.4844
L1I LOAD      ACCESS:    4397121  HIT:    4035011  MISS:     362110  HIT %:    91.7648  MISS %:    8.23516   MPKI: 14.4844
L1I PREFETCH  REQUESTED:          0  ISSUED:          0  USEFUL:          0  USELESS:          0
L1I USEFUL LOAD PREFETCHES:          0 PREFETCH ISSUED TO LOWER LEVEL:          0  ACCURACY: -nan
L1I TIMELY PREFETCHES:          0 LATE PREFETCHES: 0 DROPPED PREFETCHES: 0
L1I PREFETCHES SAME FILL-ORIGIN LEVEL: 0 DIFFERENT FILL-ORIGIN LEVEL: 0
L1I AVERAGE MISS LATENCY: 109.721 cycles
L1I RQ	ACCESS:    6255405	FORWARD:          0	MERGED:    1705742	TO_CACHE:    4549663

BTB TOTAL     ACCESS:    2029937  HIT:    1730538  MISS:     299399  HIT %:    85.2508  MISS %:    14.7492   MPKI: 11.976
BTB BRANCH_DIRECT_JUMP	ACCESS:     126163  HIT:     102446  MISS:      23717
BTB BRANCH_INDIRECT	ACCESS:      45810  HIT:      28349  MISS:      17461
BTB BRANCH_CONDITIONAL	ACCESS:    1410836  HIT:    1350768  MISS:      60068
BTB BRANCH_DIRECT_CALL	ACCESS:     192147  HIT:     136830  MISS:      55317
BTB BRANCH_INDIRECT_CALL	ACCESS:      31367  HIT:      17496  MISS:      13871
BTB BRANCH_RETURN	ACCESS:     223607  HIT:      94649  MISS:     128958
BTB BRANCH_OTHER ACCESS:          7  HIT:          0  MISS:          7

L2C TOTAL     ACCESS:    1014333  HIT:     416192  MISS:     598141  HIT %:    41.0311  MISS %:    58.9689   MPKI: 23.9256
L2C LOAD      ACCESS:     629074  HIT:     185818  MISS:     443256  HIT %:    29.5383  MISS %:    70.4617   MPKI: 17.7302
L2C DATA LOAD MPKI: 7.34592
L2C INSTRUCTION LOAD MPKI: 10.3843
L2C RFO       ACCESS:     112417  HIT:      15192  MISS:      97225  HIT %:     13.514  MISS %:     86.486   MPKI: 3.889
L2C WRITEBACK ACCESS:     155218  HIT:     154199  MISS:       1019  HIT %:    99.3435  MISS %:   0.656496   MPKI: 0.04076
L2C LOAD TRANSLATION ACCESS:     117624  HIT:      60983  MISS:      56641  HIT %:    51.8457  MISS %:    48.1543   MPKI: 2.26564
L2C PREFETCH  REQUESTED:          0  ISSUED:          0  USEFUL:          0  USELESS:          0
L2C USEFUL LOAD PREFETCHES:          0 PREFETCH ISSUED TO LOWER LEVEL:          0  ACCURACY: -nan
L2C TIMELY PREFETCHES:          0 LATE PREFETCHES: 0 DROPPED PREFETCHES: 0
L2C PREFETCHES SAME FILL-ORIGIN LEVEL: 0 DIFFERENT FILL-ORIGIN LEVEL: 0
L2C AVERAGE MISS LATENCY: 140.324 cycles
L2C RQ	ACCESS:     859119	FORWARD:          0	MERGED:          0	TO_CACHE:     859115
L2C WQ	ACCESS:     155218	FORWARD:          4	MERGED:          0	TO_CACHE:     155218

L2C Instructions Evicting Data 121440
L2C Translations Evicting Data 26491
L2C Data Evicting Data 133221
L2C Instructions Evicting Instructions 114007
L2C Translations Evicting Instructions 24648
L2C Data Evicting Instructions 120453
L2C Instructions Evicting Translations 24161
L2C Translations Evicting Translations 5502
L2C Data Evicting Translations 27199
L2C Dense regions hint from L2: 0
PSCL5 TOTAL     ACCESS:      71379  HIT:      71379  MISS:          0  HIT %:        100  MISS %:          0   MPKI: 0
PSCL5 LOAD TRANSLATION ACCESS:      71379  HIT:      71379  MISS:          0  HIT %:        100  MISS %:          0   MPKI: 0
PSCL5 PREFETCH  REQUESTED:          0  ISSUED:          0  USEFUL:          0  USELESS:          0
PSCL5 USEFUL LOAD PREFETCHES:          0 PREFETCH ISSUED TO LOWER LEVEL:          0  ACCURACY: -nan
PSCL5 TIMELY PREFETCHES:          0 LATE PREFETCHES: 0 DROPPED PREFETCHES: 0
PSCL5 PREFETCHES SAME FILL-ORIGIN LEVEL: 0 DIFFERENT FILL-ORIGIN LEVEL: 0

PSCL4 TOTAL     ACCESS:      70597  HIT:      70401  MISS:        196  HIT %:    99.7224  MISS %:   0.277632   MPKI: 0.00784
PSCL4 LOAD TRANSLATION ACCESS:      70597  HIT:      70401  MISS:        196  HIT %:    99.7224  MISS %:   0.277632   MPKI: 0.00784
PSCL4 PREFETCH  REQUESTED:          0  ISSUED:          0  USEFUL:          0  USELESS:          0
PSCL4 USEFUL LOAD PREFETCHES:          0 PREFETCH ISSUED TO LOWER LEVEL:          0  ACCURACY: -nan
PSCL4 TIMELY PREFETCHES:          0 LATE PREFETCHES: 0 DROPPED PREFETCHES: 0
PSCL4 PREFETCHES SAME FILL-ORIGIN LEVEL: 0 DIFFERENT FILL-ORIGIN LEVEL: 0

PSCL3 TOTAL     ACCESS:      69945  HIT:      65842  MISS:       4103  HIT %:     94.134  MISS %:    5.86604   MPKI: 0.16412
PSCL3 LOAD TRANSLATION ACCESS:      69945  HIT:      65842  MISS:       4103  HIT %:     94.134  MISS %:    5.86604   MPKI: 0.16412
PSCL3 PREFETCH  REQUESTED:          0  ISSUED:          0  USEFUL:          0  USELESS:          0
PSCL3 USEFUL LOAD PREFETCHES:          0 PREFETCH ISSUED TO LOWER LEVEL:          0  ACCURACY: -nan
PSCL3 TIMELY PREFETCHES:          0 LATE PREFETCHES: 0 DROPPED PREFETCHES: 0
PSCL3 PREFETCHES SAME FILL-ORIGIN LEVEL: 0 DIFFERENT FILL-ORIGIN LEVEL: 0

PSCL2 TOTAL     ACCESS:      71379  HIT:      29165  MISS:      42214  HIT %:    40.8594  MISS %:    59.1406   MPKI: 1.68856
PSCL2 LOAD TRANSLATION ACCESS:      71379  HIT:      29165  MISS:      42214  HIT %:    40.8594  MISS %:    59.1406   MPKI: 1.68856
PSCL2 PREFETCH  REQUESTED:          0  ISSUED:          0  USEFUL:          0  USELESS:          0
PSCL2 USEFUL LOAD PREFETCHES:          0 PREFETCH ISSUED TO LOWER LEVEL:          0  ACCURACY: -nan
PSCL2 TIMELY PREFETCHES:          0 LATE PREFETCHES: 0 DROPPED PREFETCHES: 0
PSCL2 PREFETCHES SAME FILL-ORIGIN LEVEL: 0 DIFFERENT FILL-ORIGIN LEVEL: 0

LLC TOTAL     ACCESS:     728380  HIT:     298277  MISS:     430103  HIT %:    40.9507  MISS %:    59.0493   MPKI: 17.2041
LLC LOAD      ACCESS:     443255  HIT:     135942  MISS:     307313  HIT %:     30.669  MISS %:     69.331   MPKI: 12.2925
LLC RFO       ACCESS:      97225  HIT:       8733  MISS:      88492  HIT %:    8.98226  MISS %:    91.0177   MPKI: 3.53968
LLC WRITEBACK ACCESS:     131259  HIT:     131098  MISS:        161  HIT %:    99.8773  MISS %:   0.122658   MPKI: 0.00644
LLC LOAD TRANSLATION ACCESS:      56641  HIT:      22504  MISS:      34137  HIT %:    39.7309  MISS %:    60.2691   MPKI: 1.36548
LLC PREFETCH  REQUESTED:          0  ISSUED:          0  USEFUL:          0  USELESS:          0
LLC USEFUL LOAD PREFETCHES:          0 PREFETCH ISSUED TO LOWER LEVEL:          0  ACCURACY: -nan
LLC TIMELY PREFETCHES:          0 LATE PREFETCHES: 0 DROPPED PREFETCHES: 0
LLC PREFETCHES SAME FILL-ORIGIN LEVEL: 0 DIFFERENT FILL-ORIGIN LEVEL: 0
LLC AVERAGE MISS LATENCY: 152.834 cycles
LLC RQ	ACCESS:     597122	FORWARD:          0	MERGED:          0	TO_CACHE:     597121
LLC WQ	ACCESS:     131259	FORWARD:          1	MERGED:          0	TO_CACHE:     131259

LLC Dense regions hint to LLC: 0

RAW hits: 198580
Loads Generated: 6042902
Loads sent to L1D: 5844321
Stores Generated: 3047659
Stores sent to L1D: 3047660
Major fault: 0 Minor fault: 45580
Allocated PAGES: 45580

DRAM Statistics
 CHANNEL 0
 RQ ROW_BUFFER_HIT:      95578  ROW_BUFFER_MISS:     334363
 DBUS_CONGESTED:        241
 WQ ROW_BUFFER_HIT:      43380  ROW_BUFFER_MISS:      70250  FULL:          0

 AVG_CONGESTED_CYCLE: 4
 All warmup complete: 2
Channel 0 Bank busy for read cycles: 0
Channel 0 Bank busy for write cycles: 0
Channel 0
Rank 0
0banks busy for read cycles: 48678263
0banks busy for write cycles: 51098
1banks busy for read cycles: 33223785
1banks busy for write cycles: 9888534
2banks busy for read cycles: 6829428
2banks busy for write cycles: 3621182
3banks busy for read cycles: 1141200
3banks busy for write cycles: 1551295
4banks busy for read cycles: 325431
4banks busy for write cycles: 766604
5banks busy for read cycles: 172828
5banks busy for write cycles: 410507
6banks busy for read cycles: 129100
6banks busy for write cycles: 262753
7banks busy for read cycles: 81607
7banks busy for write cycles: 173718
8banks busy for read cycles: 139683
8banks busy for write cycles: 216926

CPU 0 Branch Prediction Accuracy: 91.1975% MPKI: 16.1264 Average ROB Occupancy at Mispredict: 14.1317
Branch types
NOT_BRANCH: 20419575 81.6783%
BRANCH_DIRECT_JUMP: 126163 0.504652%
BRANCH_INDIRECT: 45810 0.18324%
BRANCH_CONDITIONAL: 3960982 15.8439%
BRANCH_DIRECT_CALL: 192147 0.768588%
BRANCH_INDIRECT_CALL: 31367 0.125468%
BRANCH_RETURN: 223607 0.894428%
BRANCH_OTHER: 7 2.8e-05%

DRAM PAGES: 1048576
Allocated PAGES: 45580
