
*** ChampSim Multicore Out-of-Order Simulator ***

Warmup Instructions: 25000000
Simulation Instructions: 25000000
Number of CPUs: 1
LLC sets: 2048
LLC ways: 16
Off-chip DRAM Size: 4096 MB Channels: 1 Width: 64-bit Data Rate: 6400 MT/s
CPU 0 runs /traces/Trace2-001.gz
.gz
BTB has LRU replacement policy
ITLB has LRU replacement policy
DTLB has LRU replacement policy
STLB has LRU replacement policy
L1I has LRU replacement policy
L1D has LRU replacement policy
L2C has LRU replacement policy
LLC has LRU replacement policy
Heartbeat CPU 0 instructions: 10000000 cycles: 2974439 heartbeat IPC: 3.36198 cumulative IPC: 3.36198 (Simulation time: 0 hr 0 min 26 sec) 
Heartbeat CPU 0 instructions: 20000001 cycles: 5829588 heartbeat IPC: 3.50244 cumulative IPC: 3.43077 (Simulation time: 0 hr 0 min 53 sec) 

Warmup complete CPU 0 instructions: 25000002 cycles: 7249252 (Simulation time: 0 hr 1 min 5 sec) 

Heartbeat CPU 0 instructions: 30000000 cycles: 26590587 heartbeat IPC: 0.481672 cumulative IPC: 0.258514 (Simulation time: 0 hr 1 min 27 sec) 
Heartbeat CPU 0 instructions: 40000002 cycles: 61509081 heartbeat IPC: 0.286381 cumulative IPC: 0.276448 (Simulation time: 0 hr 2 min 7 sec) 
Heartbeat CPU 0 instructions: 50000000 cycles: 106799348 heartbeat IPC: 0.220798 cumulative IPC: 0.25113 (Simulation time: 0 hr 2 min 51 sec) 
Finished CPU 0 instructions: 25000001 cycles: 99550097 cumulative IPC: 0.25113 (Simulation time: 0 hr 2 min 51 sec) 

ChampSim completed all CPUs

Region of Interest Statistics

CPU 0 cumulative IPC: 0.25113 instructions: 25000001 cycles: 99550097
ITLB TOTAL     ACCESS:    3952892  HIT:    3880869  MISS:      72023  HIT %:     98.178  MISS %:    1.82203   MPKI: 2.88092
ITLB LOAD TRANSLATION ACCESS:    3952892  HIT:    3880869  MISS:      72023  HIT %:     98.178  MISS %:    1.82203   MPKI: 2.88092
ITLB PREFETCH  REQUESTED:          0  ISSUED:          0  USEFUL:          0  USELESS:          0
ITLB USEFUL LOAD PREFETCHES:          0 PREFETCH ISSUED TO LOWER LEVEL:          0  ACCURACY: -nan
ITLB TIMELY PREFETCHES:          0 LATE PREFETCHES: 0 DROPPED PREFETCHES: 0
ITLB PREFETCHES SAME FILL-ORIGIN LEVEL: 0 DIFFERENT FILL-ORIGIN LEVEL: 0
ITLB AVERAGE MISS LATENCY: 24.1042 cycles
ITLB RQ	ACCESS:    4834338	FORWARD:          0	MERGED:     868769	TO_CACHE:    3965569

DTLB TOTAL     ACCESS:    6292075  HIT:    5970039  MISS:     322036  HIT %:    94.8819  MISS %:    5.11812   MPKI: 12.8814
DTLB LOAD TRANSLATION ACCESS:    6292075  HIT:    5970039  MISS:     322036  HIT %:    94.8819  MISS %:    5.11812   MPKI: 12.8814
DTLB PREFETCH  REQUESTED:          0  ISSUED:          0  USEFUL:          0  USELESS:          0
DTLB USEFUL LOAD PREFETCHES:          0 PREFETCH ISSUED TO LOWER LEVEL:          0  ACCURACY: -nan
DTLB TIMELY PREFETCHES:          0 LATE PREFETCHES: 0 DROPPED PREFETCHES: 0
DTLB PREFETCHES SAME FILL-ORIGIN LEVEL: 0 DIFFERENT FILL-ORIGIN LEVEL: 0
DTLB AVERAGE MISS LATENCY: 41.9256 cycles
DTLB RQ	ACCESS:    7737162	FORWARD:          0	MERGED:    1403488	TO_CACHE:    6333674

STLB TOTAL     ACCESS:     394059  HIT:     325891  MISS:      68168  HIT %:    82.7011  MISS %:    17.2989   MPKI: 2.72672
STLB LOAD TRANSLATION ACCESS:     394059  HIT:     325891  MISS:      68168  HIT %:    82.7011  MISS %:    17.2989   MPKI: 2.72672
STLB PREFETCH  REQUESTED:          0  ISSUED:          0  USEFUL:          0  USELESS:          0
STLB USEFUL LOAD PREFETCHES:          0 PREFETCH ISSUED TO LOWER LEVEL:          0  ACCURACY: -nan
STLB TIMELY PREFETCHES:          0 LATE PREFETCHES: 0 DROPPED PREFETCHES: 0
STLB PREFETCHES SAME FILL-ORIGIN LEVEL: 0 DIFFERENT FILL-ORIGIN LEVEL: 0
STLB AVERAGE MISS LATENCY: 170.864 cycles
STLB RQ	ACCESS:     394059	FORWARD:          0	MERGED:          0	TO_CACHE:     394059

STLB Hit, L1D data hit: 0
STLB Hit, L2C data hit: 0
STLB Hit, LLC data hit: 0
STLB Hit, LLC data miss: 0
STLB STLB hints to L2: 0
L1D TOTAL     ACCESS:    7414755  HIT:    6946393  MISS:     468362  HIT %:    93.6834  MISS %:    6.31662   MPKI: 18.7345
L1D LOAD      ACCESS:    4313073  HIT:    3974728  MISS:     338345  HIT %:    92.1554  MISS %:    7.84464   MPKI: 13.5338
L1D RFO       ACCESS:    3101682  HIT:    2971665  MISS:     130017  HIT %:    95.8082  MISS %:    4.19182   MPKI: 5.20068
L1D PREFETCH  REQUESTED:          0  ISSUED:          0  USEFUL:          0  USELESS:          0
L1D USEFUL LOAD PREFETCHES:          0 PREFETCH ISSUED TO LOWER LEVEL:          0  ACCURACY: -nan
L1D TIMELY PREFETCHES:          0 LATE PREFETCHES: 0 DROPPED PREFETCHES: 0
L1D PREFETCHES SAME FILL-ORIGIN LEVEL: 0 DIFFERENT FILL-ORIGIN LEVEL: 0
L1D AVERAGE MISS LATENCY: 103.943 cycles
L1D RQ	ACCESS:    5763572	FORWARD:          0	MERGED:    1304187	TO_CACHE:    4354731
L1D WQ	ACCESS:    3430198	FORWARD:     104654	MERGED:      47767	TO_CACHE:    3382431

L1D UNIQUE REGIONS ACCESSED: 0
L1D REGIONS CONFLICTS: 0
L1D Cross Page Prefetch Requests: 0
L1D Same Page Prefetch Requests: 0
L1D ROI Sum of L1D PQ occupancy: 0
L1D PREFETCHES PUSHED FROM L2C: 0
L1I TOTAL     ACCESS:    4379766  HIT:    3379180  MISS:    1000586  HIT %:    77.1544  MISS %:    22.8456   MPKI: 40.0234
L1I LOAD      ACCESS:    4379766  HIT:    3379180  MISS:    1000586  HIT %:    77.1544  MISS %:    22.8456   MPKI: 40.0234
L1I PREFETCH  REQUESTED:          0  ISSUED:          0  USEFUL:          0  USELESS:          0
L1I USEFUL LOAD PREFETCHES:          0 PREFETCH ISSUED TO LOWER LEVEL:          0  ACCURACY: -nan
L1I TIMELY PREFETCHES:          0 LATE PREFETCHES: 0 DROPPED PREFETCHES: 0
L1I PREFETCHES SAME FILL-ORIGIN LEVEL: 0 DIFFERENT FILL-ORIGIN LEVEL: 0
L1I AVERAGE MISS LATENCY: 40.5198 cycles
L1I RQ	ACCESS:    6614965	FORWARD:          0	MERGED:    1780627	TO_CACHE:    4834338

BTB TOTAL     ACCESS:    2374453  HIT:    1885269  MISS:     489184  HIT %:     79.398  MISS %:     20.602   MPKI: 19.5674
BTB BRANCH_DIRECT_JUMP	ACCESS:     382447  HIT:     266751  MISS:     115696
BTB BRANCH_INDIRECT	ACCESS:      26284  HIT:      15034  MISS:      11250
BTB BRANCH_CONDITIONAL	ACCESS:    1419497  HIT:    1339647  MISS:      79850
BTB BRANCH_DIRECT_CALL	ACCESS:     241009  HIT:     172489  MISS:      68520
BTB BRANCH_INDIRECT_CALL	ACCESS:      31642  HIT:      19335  MISS:      12307
BTB BRANCH_RETURN	ACCESS:     273154  HIT:      71753  MISS:     201401
BTB BRANCH_OTHER ACCESS:        420  HIT:        260  MISS:        160

L2C TOTAL     ACCESS:    1788560  HIT:     939850  MISS:     848710  HIT %:    52.5479  MISS %:    47.4521   MPKI: 33.9484
L2C LOAD      ACCESS:    1338925  HIT:     640841  MISS:     698084  HIT %:    47.8624  MISS %:    52.1376   MPKI: 27.9234
L2C DATA LOAD MPKI: 8.53252
L2C INSTRUCTION LOAD MPKI: 19.3908
L2C RFO       ACCESS:     130017  HIT:      43343  MISS:      86674  HIT %:    33.3364  MISS %:    66.6636   MPKI: 3.46696
L2C WRITEBACK ACCESS:     206085  HIT:     199918  MISS:       6167  HIT %:    97.0075  MISS %:    2.99245   MPKI: 0.24668
L2C LOAD TRANSLATION ACCESS:     113533  HIT:      55748  MISS:      57785  HIT %:    49.1029  MISS %:    50.8971   MPKI: 2.3114
L2C PREFETCH  REQUESTED:          0  ISSUED:          0  USEFUL:          0  USELESS:          0
L2C USEFUL LOAD PREFETCHES:          0 PREFETCH ISSUED TO LOWER LEVEL:          0  ACCURACY: -nan
L2C TIMELY PREFETCHES:          0 LATE PREFETCHES: 0 DROPPED PREFETCHES: 0
L2C PREFETCHES SAME FILL-ORIGIN LEVEL: 0 DIFFERENT FILL-ORIGIN LEVEL: 0
L2C AVERAGE MISS LATENCY: 88.1154 cycles
L2C RQ	ACCESS:    1582481	FORWARD:          0	MERGED:          0	TO_CACHE:    1582475
L2C WQ	ACCESS:     206085	FORWARD:          6	MERGED:          0	TO_CACHE:     206085

L2C Instructions Evicting Data 143821
L2C Translations Evicting Data 23743
L2C Data Evicting Data 142457
L2C Instructions Evicting Instructions 311167
L2C Translations Evicting Instructions 29254
L2C Data Evicting Instructions 135423
L2C Instructions Evicting Translations 29783
L2C Translations Evicting Translations 4788
L2C Data Evicting Translations 22107
L2C Dense regions hint from L2: 0
PSCL5 TOTAL     ACCESS:      68168  HIT:      68168  MISS:          0  HIT %:        100  MISS %:          0   MPKI: 0
PSCL5 LOAD TRANSLATION ACCESS:      68168  HIT:      68168  MISS:          0  HIT %:        100  MISS %:          0   MPKI: 0
PSCL5 PREFETCH  REQUESTED:          0  ISSUED:          0  USEFUL:          0  USELESS:          0
PSCL5 USEFUL LOAD PREFETCHES:          0 PREFETCH ISSUED TO LOWER LEVEL:          0  ACCURACY: -nan
PSCL5 TIMELY PREFETCHES:          0 LATE PREFETCHES: 0 DROPPED PREFETCHES: 0
PSCL5 PREFETCHES SAME FILL-ORIGIN LEVEL: 0 DIFFERENT FILL-ORIGIN LEVEL: 0

PSCL4 TOTAL     ACCESS:      51528  HIT:      51156  MISS:        372  HIT %:    99.2781  MISS %:   0.721938   MPKI: 0.01488
PSCL4 LOAD TRANSLATION ACCESS:      51528  HIT:      51156  MISS:        372  HIT %:    99.2781  MISS %:   0.721938   MPKI: 0.01488
PSCL4 PREFETCH  REQUESTED:          0  ISSUED:          0  USEFUL:          0  USELESS:          0
PSCL4 USEFUL LOAD PREFETCHES:          0 PREFETCH ISSUED TO LOWER LEVEL:          0  ACCURACY: -nan
PSCL4 TIMELY PREFETCHES:          0 LATE PREFETCHES: 0 DROPPED PREFETCHES: 0
PSCL4 PREFETCHES SAME FILL-ORIGIN LEVEL: 0 DIFFERENT FILL-ORIGIN LEVEL: 0

PSCL3 TOTAL     ACCESS:      67927  HIT:      66546  MISS:       1381  HIT %:    97.9669  MISS %:    2.03306   MPKI: 0.05524
PSCL3 LOAD TRANSLATION ACCESS:      67927  HIT:      66546  MISS:       1381  HIT %:    97.9669  MISS %:    2.03306   MPKI: 0.05524
PSCL3 PREFETCH  REQUESTED:          0  ISSUED:          0  USEFUL:          0  USELESS:          0
PSCL3 USEFUL LOAD PREFETCHES:          0 PREFETCH ISSUED TO LOWER LEVEL:          0  ACCURACY: -nan
PSCL3 TIMELY PREFETCHES:          0 LATE PREFETCHES: 0 DROPPED PREFETCHES: 0
PSCL3 PREFETCHES SAME FILL-ORIGIN LEVEL: 0 DIFFERENT FILL-ORIGIN LEVEL: 0

PSCL2 TOTAL     ACCESS:      68168  HIT:      24207  MISS:      43961  HIT %:    35.5108  MISS %:    64.4892   MPKI: 1.75844
PSCL2 LOAD TRANSLATION ACCESS:      68168  HIT:      24207  MISS:      43961  HIT %:    35.5108  MISS %:    64.4892   MPKI: 1.75844
PSCL2 PREFETCH  REQUESTED:          0  ISSUED:          0  USEFUL:          0  USELESS:          0
PSCL2 USEFUL LOAD PREFETCHES:          0 PREFETCH ISSUED TO LOWER LEVEL:          0  ACCURACY: -nan
PSCL2 TIMELY PREFETCHES:          0 LATE PREFETCHES: 0 DROPPED PREFETCHES: 0
PSCL2 PREFETCHES SAME FILL-ORIGIN LEVEL: 0 DIFFERENT FILL-ORIGIN LEVEL: 0

LLC TOTAL     ACCESS:     982330  HIT:     678544  MISS:     303786  HIT %:     69.075  MISS %:     30.925   MPKI: 12.1514
LLC LOAD      ACCESS:     698080  HIT:     494828  MISS:     203252  HIT %:    70.8841  MISS %:    29.1159   MPKI: 8.13008
LLC RFO       ACCESS:      86669  HIT:      16200  MISS:      70469  HIT %:    18.6918  MISS %:    81.3082   MPKI: 2.81876
LLC WRITEBACK ACCESS:     139796  HIT:     139449  MISS:        347  HIT %:    99.7518  MISS %:   0.248219   MPKI: 0.01388
LLC LOAD TRANSLATION ACCESS:      57785  HIT:      28067  MISS:      29718  HIT %:    48.5714  MISS %:    51.4286   MPKI: 1.18872
LLC PREFETCH  REQUESTED:          0  ISSUED:          0  USEFUL:          0  USELESS:          0
LLC USEFUL LOAD PREFETCHES:          0 PREFETCH ISSUED TO LOWER LEVEL:          0  ACCURACY: -nan
LLC TIMELY PREFETCHES:          0 LATE PREFETCHES: 0 DROPPED PREFETCHES: 0
LLC PREFETCHES SAME FILL-ORIGIN LEVEL: 0 DIFFERENT FILL-ORIGIN LEVEL: 0
LLC AVERAGE MISS LATENCY: 162.015 cycles
LLC RQ	ACCESS:     842543	FORWARD:          0	MERGED:          0	TO_CACHE:     842534
LLC WQ	ACCESS:     139796	FORWARD:          9	MERGED:          0	TO_CACHE:     139796

LLC Dense regions hint to LLC: 0

RAW hits: 194501
Loads Generated: 5958075
Loads sent to L1D: 5763572
Stores Generated: 3430196
Stores sent to L1D: 3430198
Major fault: 0 Minor fault: 45010
Allocated PAGES: 45010

DRAM Statistics
 CHANNEL 0
 RQ ROW_BUFFER_HIT:      40321  ROW_BUFFER_MISS:     263115
 DBUS_CONGESTED:        118
 WQ ROW_BUFFER_HIT:      33192  ROW_BUFFER_MISS:      75223  FULL:          0

 AVG_CONGESTED_CYCLE: 5
 All warmup complete: 2
Channel 0 Bank busy for read cycles: 0
Channel 0 Bank busy for write cycles: 0
Channel 0
Rank 0
0banks busy for read cycles: 54422548
0banks busy for write cycles: 46468
1banks busy for read cycles: 23884448
1banks busy for write cycles: 8058210
2banks busy for read cycles: 5295938
2banks busy for write cycles: 3049750
3banks busy for read cycles: 1263696
3banks busy for write cycles: 1367516
4banks busy for read cycles: 376132
4banks busy for write cycles: 677859
5banks busy for read cycles: 136539
5banks busy for write cycles: 370940
6banks busy for read cycles: 66890
6banks busy for write cycles: 207639
7banks busy for read cycles: 26003
7banks busy for write cycles: 123731
8banks busy for read cycles: 56228
8banks busy for write cycles: 119563

CPU 0 Branch Prediction Accuracy: 96.8224% MPKI: 6.31212 Average ROB Occupancy at Mispredict: 12.4838
Branch types
NOT_BRANCH: 20033560 80.1342%
BRANCH_DIRECT_JUMP: 382447 1.52979%
BRANCH_INDIRECT: 26284 0.105136%
BRANCH_CONDITIONAL: 4011162 16.0446%
BRANCH_DIRECT_CALL: 241009 0.964036%
BRANCH_INDIRECT_CALL: 31642 0.126568%
BRANCH_RETURN: 273154 1.09262%
BRANCH_OTHER: 420 0.00168%

DRAM PAGES: 1048576
Allocated PAGES: 45010
